# serializer version: 1
# name: test_matched_flows
  list([
    dict({
      'CAS number': '110-63-4',
      'context': list([
        'Air',
        '(unspecified)',
      ]),
      'identifier': None,
      'name': '1,4-Butanediol',
      'unit': 'kg',
    }),
    dict({
      'CAS number': '',
      'context': list([
        'Emissions to air',
        'low. pop.',
      ]),
      'identifier': None,
      'name': 'Ammonia, FR',
      'unit': 'kg',
    }),
  ])
# ---
